============================= test session starts =============================
platform win32 -- Python 3.12.2, pytest-8.3.3, pluggy-1.5.0
rootdir: C:\Users\Joe\coding\deck-of-cards-api-testing
plugins: html-4.1.1, metadata-3.1.1
collected 31 items

tests\test_deck_of_cards_negative_scenarios.py FF.F.                     [ 16%]
tests\test_deck_of_cards_positive_scenarios.py ..........                [ 48%]
tests\test_deck_provider.py ......                                       [ 67%]
tests\test_url_builder.py ..........                                     [100%]

================================== FAILURES ===================================
________________________ test_draw_more_than_available ________________________

response = <Response [200]>

    @staticmethod
    def _handle_response(response):
        """
        Handles the API response, raising exceptions for HTTP errors and logging API errors.
        """
        try:
            response.raise_for_status()  # Raises HTTPError for non-200 status codes
            response_json = response.json()
            if not response_json.get("success", True):  # Check for API-specific errors
>               raise ValueError(f"API Error: {response_json}")
E               ValueError: API Error: {'success': False, 'deck_id': 'brg00px4a2sq', 'cards': [{'code': 'AS', 'image': 'https://deckofcardsapi.com/static/img/AS.png', 'images': {'svg': 'https://deckofcardsapi.com/static/img/AS.svg', 'png': 'https://deckofcardsapi.com/static/img/AS.png'}, 'value': 'ACE', 'suit': 'SPADES'}, {'code': '2S', 'image': 'https://deckofcardsapi.com/static/img/2S.png', 'images': {'svg': 'https://deckofcardsapi.com/static/img/2S.svg', 'png': 'https://deckofcardsapi.com/static/img/2S.png'}, 'value': '2', 'suit': 'SPADES'}, {'code': '3S', 'image': 'https://deckofcardsapi.com/static/img/3S.png', 'images': {'svg': 'https://deckofcardsapi.com/static/img/3S.svg', 'png': 'https://deckofcardsapi.com/static/img/3S.png'}, 'value': '3', 'suit': 'SPADES'}, {'code': '4S', 'image': 'https://deckofcardsapi.com/static/img/4S.png', 'images': {'svg': 'https://deckofcardsapi.com/static/img/4S.svg', 'png': 'https://deckofcardsapi.com/static/img/4S.png'}, 'value': '4', 'suit': 'SPADES'}, {'code': '5S', 'image': 'https://deckofcardsapi.com/static/img/5S.png', 'images': {'svg': 'https://deckofcardsapi.com/static/img/5S.svg', 'png': 'https://deckofcardsapi.com/static/img/5S.png'}, 'value': '5', 'suit': 'SPADES'}, {'code': '6S', 'image': 'https://deckofcardsapi.com/static/img/6S.png', 'images': {'svg': 'https://deckofcardsapi.com/static/img/6S.svg', 'png': 'https://deckofcardsapi.com/static/img/6S.png'}, 'value': '6', 'suit': 'SPADES'}, {'code': '7S', 'image': 'https://deckofcardsapi.com/static/img/7S.png', 'images': {'svg': 'https://deckofcardsapi.com/static/img/7S.svg', 'png': 'https://deckofcardsapi.com/static/img/7S.png'}, 'value': '7', 'suit': 'SPADES'}, {'code': '8S', 'image': 'https://deckofcardsapi.com/static/img/8S.png', 'images': {'svg': 'https://deckofcardsapi.com/static/img/8S.svg', 'png': 'https://deckofcardsapi.com/static/img/8S.png'}, 'value': '8', 'suit': 'SPADES'}, {'code': '9S', 'image': 'https://deckofcardsapi.com/static/img/9S.png', 'images': {'svg': 'https://deckofcardsapi.com/static/img/9S.svg', 'png': 'https://deckofcardsapi.com/static/img/9S.png'}, 'value': '9', 'suit': 'SPADES'}, {'code': '0S', 'image': 'https://deckofcardsapi.com/static/img/0S.png', 'images': {'svg': 'https://deckofcardsapi.com/static/img/0S.svg', 'png': 'https://deckofcardsapi.com/static/img/0S.png'}, 'value': '10', 'suit': 'SPADES'}, {'code': 'JS', 'image': 'https://deckofcardsapi.com/static/img/JS.png', 'images': {'svg': 'https://deckofcardsapi.com/static/img/JS.svg', 'png': 'https://deckofcardsapi.com/static/img/JS.png'}, 'value': 'JACK', 'suit': 'SPADES'}, {'code': 'QS', 'image': 'https://deckofcardsapi.com/static/img/QS.png', 'images': {'svg': 'https://deckofcardsapi.com/static/img/QS.svg', 'png': 'https://deckofcardsapi.com/static/img/QS.png'}, 'value': 'QUEEN', 'suit': 'SPADES'}, {'code': 'KS', 'image': 'https://deckofcardsapi.com/static/img/KS.png', 'images': {'svg': 'https://deckofcardsapi.com/static/img/KS.svg', 'png': 'https://deckofcardsapi.com/static/img/KS.png'}, 'value': 'KING', 'suit': 'SPADES'}, {'code': 'AD', 'image': 'https://deckofcardsapi.com/static/img/aceDiamonds.png', 'images': {'svg': 'https://deckofcardsapi.com/static/img/aceDiamonds.svg', 'png': 'https://deckofcardsapi.com/static/img/aceDiamonds.png'}, 'value': 'ACE', 'suit': 'DIAMONDS'}, {'code': '2D', 'image': 'https://deckofcardsapi.com/static/img/2D.png', 'images': {'svg': 'https://deckofcardsapi.com/static/img/2D.svg', 'png': 'https://deckofcardsapi.com/static/img/2D.png'}, 'value': '2', 'suit': 'DIAMONDS'}, {'code': '3D', 'image': 'https://deckofcardsapi.com/static/img/3D.png', 'images': {'svg': 'https://deckofcardsapi.com/static/img/3D.svg', 'png': 'https://deckofcardsapi.com/static/img/3D.png'}, 'value': '3', 'suit': 'DIAMONDS'}, {'code': '4D', 'image': 'https://deckofcardsapi.com/static/img/4D.png', 'images': {'svg': 'https://deckofcardsapi.com/static/img/4D.svg', 'png': 'https://deckofcardsapi.com/static/img/4D.png'}, 'value': '4', 'suit': 'DIAMONDS'}, {'code': '5D', 'image': 'https://deckofcardsapi.com/static/img/5D.png', 'images': {'svg': 'https://deckofcardsapi.com/static/img/5D.svg', 'png': 'https://deckofcardsapi.com/static/img/5D.png'}, 'value': '5', 'suit': 'DIAMONDS'}, {'code': '6D', 'image': 'https://deckofcardsapi.com/static/img/6D.png', 'images': {'svg': 'https://deckofcardsapi.com/static/img/6D.svg', 'png': 'https://deckofcardsapi.com/static/img/6D.png'}, 'value': '6', 'suit': 'DIAMONDS'}, {'code': '7D', 'image': 'https://deckofcardsapi.com/static/img/7D.png', 'images': {'svg': 'https://deckofcardsapi.com/static/img/7D.svg', 'png': 'https://deckofcardsapi.com/static/img/7D.png'}, 'value': '7', 'suit': 'DIAMONDS'}, {'code': '8D', 'image': 'https://deckofcardsapi.com/static/img/8D.png', 'images': {'svg': 'https://deckofcardsapi.com/static/img/8D.svg', 'png': 'https://deckofcardsapi.com/static/img/8D.png'}, 'value': '8', 'suit': 'DIAMONDS'}, {'code': '9D', 'image': 'https://deckofcardsapi.com/static/img/9D.png', 'images': {'svg': 'https://deckofcardsapi.com/static/img/9D.svg', 'png': 'https://deckofcardsapi.com/static/img/9D.png'}, 'value': '9', 'suit': 'DIAMONDS'}, {'code': '0D', 'image': 'https://deckofcardsapi.com/static/img/0D.png', 'images': {'svg': 'https://deckofcardsapi.com/static/img/0D.svg', 'png': 'https://deckofcardsapi.com/static/img/0D.png'}, 'value': '10', 'suit': 'DIAMONDS'}, {'code': 'JD', 'image': 'https://deckofcardsapi.com/static/img/JD.png', 'images': {'svg': 'https://deckofcardsapi.com/static/img/JD.svg', 'png': 'https://deckofcardsapi.com/static/img/JD.png'}, 'value': 'JACK', 'suit': 'DIAMONDS'}, {'code': 'QD', 'image': 'https://deckofcardsapi.com/static/img/QD.png', 'images': {'svg': 'https://deckofcardsapi.com/static/img/QD.svg', 'png': 'https://deckofcardsapi.com/static/img/QD.png'}, 'value': 'QUEEN', 'suit': 'DIAMONDS'}, {'code': 'KD', 'image': 'https://deckofcardsapi.com/static/img/KD.png', 'images': {'svg': 'https://deckofcardsapi.com/static/img/KD.svg', 'png': 'https://deckofcardsapi.com/static/img/KD.png'}, 'value': 'KING', 'suit': 'DIAMONDS'}, {'code': 'AC', 'image': 'https://deckofcardsapi.com/static/img/AC.png', 'images': {'svg': 'https://deckofcardsapi.com/static/img/AC.svg', 'png': 'https://deckofcardsapi.com/static/img/AC.png'}, 'value': 'ACE', 'suit': 'CLUBS'}, {'code': '2C', 'image': 'https://deckofcardsapi.com/static/img/2C.png', 'images': {'svg': 'https://deckofcardsapi.com/static/img/2C.svg', 'png': 'https://deckofcardsapi.com/static/img/2C.png'}, 'value': '2', 'suit': 'CLUBS'}, {'code': '3C', 'image': 'https://deckofcardsapi.com/static/img/3C.png', 'images': {'svg': 'https://deckofcardsapi.com/static/img/3C.svg', 'png': 'https://deckofcardsapi.com/static/img/3C.png'}, 'value': '3', 'suit': 'CLUBS'}, {'code': '4C', 'image': 'https://deckofcardsapi.com/static/img/4C.png', 'images': {'svg': 'https://deckofcardsapi.com/static/img/4C.svg', 'png': 'https://deckofcardsapi.com/static/img/4C.png'}, 'value': '4', 'suit': 'CLUBS'}, {'code': '5C', 'image': 'https://deckofcardsapi.com/static/img/5C.png', 'images': {'svg': 'https://deckofcardsapi.com/static/img/5C.svg', 'png': 'https://deckofcardsapi.com/static/img/5C.png'}, 'value': '5', 'suit': 'CLUBS'}, {'code': '6C', 'image': 'https://deckofcardsapi.com/static/img/6C.png', 'images': {'svg': 'https://deckofcardsapi.com/static/img/6C.svg', 'png': 'https://deckofcardsapi.com/static/img/6C.png'}, 'value': '6', 'suit': 'CLUBS'}, {'code': '7C', 'image': 'https://deckofcardsapi.com/static/img/7C.png', 'images': {'svg': 'https://deckofcardsapi.com/static/img/7C.svg', 'png': 'https://deckofcardsapi.com/static/img/7C.png'}, 'value': '7', 'suit': 'CLUBS'}, {'code': '8C', 'image': 'https://deckofcardsapi.com/static/img/8C.png', 'images': {'svg': 'https://deckofcardsapi.com/static/img/8C.svg', 'png': 'https://deckofcardsapi.com/static/img/8C.png'}, 'value': '8', 'suit': 'CLUBS'}, {'code': '9C', 'image': 'https://deckofcardsapi.com/static/img/9C.png', 'images': {'svg': 'https://deckofcardsapi.com/static/img/9C.svg', 'png': 'https://deckofcardsapi.com/static/img/9C.png'}, 'value': '9', 'suit': 'CLUBS'}, {'code': '0C', 'image': 'https://deckofcardsapi.com/static/img/0C.png', 'images': {'svg': 'https://deckofcardsapi.com/static/img/0C.svg', 'png': 'https://deckofcardsapi.com/static/img/0C.png'}, 'value': '10', 'suit': 'CLUBS'}, {'code': 'JC', 'image': 'https://deckofcardsapi.com/static/img/JC.png', 'images': {'svg': 'https://deckofcardsapi.com/static/img/JC.svg', 'png': 'https://deckofcardsapi.com/static/img/JC.png'}, 'value': 'JACK', 'suit': 'CLUBS'}, {'code': 'QC', 'image': 'https://deckofcardsapi.com/static/img/QC.png', 'images': {'svg': 'https://deckofcardsapi.com/static/img/QC.svg', 'png': 'https://deckofcardsapi.com/static/img/QC.png'}, 'value': 'QUEEN', 'suit': 'CLUBS'}, {'code': 'KC', 'image': 'https://deckofcardsapi.com/static/img/KC.png', 'images': {'svg': 'https://deckofcardsapi.com/static/img/KC.svg', 'png': 'https://deckofcardsapi.com/static/img/KC.png'}, 'value': 'KING', 'suit': 'CLUBS'}, {'code': 'AH', 'image': 'https://deckofcardsapi.com/static/img/AH.png', 'images': {'svg': 'https://deckofcardsapi.com/static/img/AH.svg', 'png': 'https://deckofcardsapi.com/static/img/AH.png'}, 'value': 'ACE', 'suit': 'HEARTS'}, {'code': '2H', 'image': 'https://deckofcardsapi.com/static/img/2H.png', 'images': {'svg': 'https://deckofcardsapi.com/static/img/2H.svg', 'png': 'https://deckofcardsapi.com/static/img/2H.png'}, 'value': '2', 'suit': 'HEARTS'}, {'code': '3H', 'image': 'https://deckofcardsapi.com/static/img/3H.png', 'images': {'svg': 'https://deckofcardsapi.com/static/img/3H.svg', 'png': 'https://deckofcardsapi.com/static/img/3H.png'}, 'value': '3', 'suit': 'HEARTS'}, {'code': '4H', 'image': 'https://deckofcardsapi.com/static/img/4H.png', 'images': {'svg': 'https://deckofcardsapi.com/static/img/4H.svg', 'png': 'https://deckofcardsapi.com/static/img/4H.png'}, 'value': '4', 'suit': 'HEARTS'}, {'code': '5H', 'image': 'https://deckofcardsapi.com/static/img/5H.png', 'images': {'svg': 'https://deckofcardsapi.com/static/img/5H.svg', 'png': 'https://deckofcardsapi.com/static/img/5H.png'}, 'value': '5', 'suit': 'HEARTS'}, {'code': '6H', 'image': 'https://deckofcardsapi.com/static/img/6H.png', 'images': {'svg': 'https://deckofcardsapi.com/static/img/6H.svg', 'png': 'https://deckofcardsapi.com/static/img/6H.png'}, 'value': '6', 'suit': 'HEARTS'}, {'code': '7H', 'image': 'https://deckofcardsapi.com/static/img/7H.png', 'images': {'svg': 'https://deckofcardsapi.com/static/img/7H.svg', 'png': 'https://deckofcardsapi.com/static/img/7H.png'}, 'value': '7', 'suit': 'HEARTS'}, {'code': '8H', 'image': 'https://deckofcardsapi.com/static/img/8H.png', 'images': {'svg': 'https://deckofcardsapi.com/static/img/8H.svg', 'png': 'https://deckofcardsapi.com/static/img/8H.png'}, 'value': '8', 'suit': 'HEARTS'}, {'code': '9H', 'image': 'https://deckofcardsapi.com/static/img/9H.png', 'images': {'svg': 'https://deckofcardsapi.com/static/img/9H.svg', 'png': 'https://deckofcardsapi.com/static/img/9H.png'}, 'value': '9', 'suit': 'HEARTS'}, {'code': '0H', 'image': 'https://deckofcardsapi.com/static/img/0H.png', 'images': {'svg': 'https://deckofcardsapi.com/static/img/0H.svg', 'png': 'https://deckofcardsapi.com/static/img/0H.png'}, 'value': '10', 'suit': 'HEARTS'}, {'code': 'JH', 'image': 'https://deckofcardsapi.com/static/img/JH.png', 'images': {'svg': 'https://deckofcardsapi.com/static/img/JH.svg', 'png': 'https://deckofcardsapi.com/static/img/JH.png'}, 'value': 'JACK', 'suit': 'HEARTS'}, {'code': 'QH', 'image': 'https://deckofcardsapi.com/static/img/QH.png', 'images': {'svg': 'https://deckofcardsapi.com/static/img/QH.svg', 'png': 'https://deckofcardsapi.com/static/img/QH.png'}, 'value': 'QUEEN', 'suit': 'HEARTS'}, {'code': 'KH', 'image': 'https://deckofcardsapi.com/static/img/KH.png', 'images': {'svg': 'https://deckofcardsapi.com/static/img/KH.svg', 'png': 'https://deckofcardsapi.com/static/img/KH.png'}, 'value': 'KING', 'suit': 'HEARTS'}], 'remaining': 0, 'error': 'Not enough cards remaining to draw 60 additional'}

tests\deck_provider.py:15: ValueError

The above exception was the direct cause of the following exception:

    def test_draw_more_than_available():
        """
        Test drawing more cards than available in a new deck.
        Expected behavior: The API should return only the available cards (52), and the remaining count should be 0.
        """
        # The API returns success as False even though it correctly returns the available cards.
        # This is inconsistent behavior—success should be True when the API correctly handles the request.
        deck_id = DeckProvider.create_deck(shuffle=True)
>       draw_response = DeckProvider.draw_cards(deck_id, count=60)

tests\test_deck_of_cards_negative_scenarios.py:12: 
_ _ _ _ _ _ _ _ _ _ _ _ _ _ _ _ _ _ _ _ _ _ _ _ _ _ _ _ _ _ _ _ _ _ _ _ _ _ _ _
tests\deck_provider.py:38: in draw_cards
    return DeckProvider._handle_response(response)
_ _ _ _ _ _ _ _ _ _ _ _ _ _ _ _ _ _ _ _ _ _ _ _ _ _ _ _ _ _ _ _ _ _ _ _ _ _ _ _

response = <Response [200]>

    @staticmethod
    def _handle_response(response):
        """
        Handles the API response, raising exceptions for HTTP errors and logging API errors.
        """
        try:
            response.raise_for_status()  # Raises HTTPError for non-200 status codes
            response_json = response.json()
            if not response_json.get("success", True):  # Check for API-specific errors
                raise ValueError(f"API Error: {response_json}")
            return response_json
        except requests.exceptions.RequestException as e:
            raise RuntimeError(f"HTTP Error: {e}") from e
        except ValueError as e:
>           raise RuntimeError(f"API Response Error: {e}") from e
E           RuntimeError: API Response Error: API Error: {'success': False, 'deck_id': 'brg00px4a2sq', 'cards': [{'code': 'AS', 'image': 'https://deckofcardsapi.com/static/img/AS.png', 'images': {'svg': 'https://deckofcardsapi.com/static/img/AS.svg', 'png': 'https://deckofcardsapi.com/static/img/AS.png'}, 'value': 'ACE', 'suit': 'SPADES'}, {'code': '2S', 'image': 'https://deckofcardsapi.com/static/img/2S.png', 'images': {'svg': 'https://deckofcardsapi.com/static/img/2S.svg', 'png': 'https://deckofcardsapi.com/static/img/2S.png'}, 'value': '2', 'suit': 'SPADES'}, {'code': '3S', 'image': 'https://deckofcardsapi.com/static/img/3S.png', 'images': {'svg': 'https://deckofcardsapi.com/static/img/3S.svg', 'png': 'https://deckofcardsapi.com/static/img/3S.png'}, 'value': '3', 'suit': 'SPADES'}, {'code': '4S', 'image': 'https://deckofcardsapi.com/static/img/4S.png', 'images': {'svg': 'https://deckofcardsapi.com/static/img/4S.svg', 'png': 'https://deckofcardsapi.com/static/img/4S.png'}, 'value': '4', 'suit': 'SPADES'}, {'code': '5S', 'image': 'https://deckofcardsapi.com/static/img/5S.png', 'images': {'svg': 'https://deckofcardsapi.com/static/img/5S.svg', 'png': 'https://deckofcardsapi.com/static/img/5S.png'}, 'value': '5', 'suit': 'SPADES'}, {'code': '6S', 'image': 'https://deckofcardsapi.com/static/img/6S.png', 'images': {'svg': 'https://deckofcardsapi.com/static/img/6S.svg', 'png': 'https://deckofcardsapi.com/static/img/6S.png'}, 'value': '6', 'suit': 'SPADES'}, {'code': '7S', 'image': 'https://deckofcardsapi.com/static/img/7S.png', 'images': {'svg': 'https://deckofcardsapi.com/static/img/7S.svg', 'png': 'https://deckofcardsapi.com/static/img/7S.png'}, 'value': '7', 'suit': 'SPADES'}, {'code': '8S', 'image': 'https://deckofcardsapi.com/static/img/8S.png', 'images': {'svg': 'https://deckofcardsapi.com/static/img/8S.svg', 'png': 'https://deckofcardsapi.com/static/img/8S.png'}, 'value': '8', 'suit': 'SPADES'}, {'code': '9S', 'image': 'https://deckofcardsapi.com/static/img/9S.png', 'images': {'svg': 'https://deckofcardsapi.com/static/img/9S.svg', 'png': 'https://deckofcardsapi.com/static/img/9S.png'}, 'value': '9', 'suit': 'SPADES'}, {'code': '0S', 'image': 'https://deckofcardsapi.com/static/img/0S.png', 'images': {'svg': 'https://deckofcardsapi.com/static/img/0S.svg', 'png': 'https://deckofcardsapi.com/static/img/0S.png'}, 'value': '10', 'suit': 'SPADES'}, {'code': 'JS', 'image': 'https://deckofcardsapi.com/static/img/JS.png', 'images': {'svg': 'https://deckofcardsapi.com/static/img/JS.svg', 'png': 'https://deckofcardsapi.com/static/img/JS.png'}, 'value': 'JACK', 'suit': 'SPADES'}, {'code': 'QS', 'image': 'https://deckofcardsapi.com/static/img/QS.png', 'images': {'svg': 'https://deckofcardsapi.com/static/img/QS.svg', 'png': 'https://deckofcardsapi.com/static/img/QS.png'}, 'value': 'QUEEN', 'suit': 'SPADES'}, {'code': 'KS', 'image': 'https://deckofcardsapi.com/static/img/KS.png', 'images': {'svg': 'https://deckofcardsapi.com/static/img/KS.svg', 'png': 'https://deckofcardsapi.com/static/img/KS.png'}, 'value': 'KING', 'suit': 'SPADES'}, {'code': 'AD', 'image': 'https://deckofcardsapi.com/static/img/aceDiamonds.png', 'images': {'svg': 'https://deckofcardsapi.com/static/img/aceDiamonds.svg', 'png': 'https://deckofcardsapi.com/static/img/aceDiamonds.png'}, 'value': 'ACE', 'suit': 'DIAMONDS'}, {'code': '2D', 'image': 'https://deckofcardsapi.com/static/img/2D.png', 'images': {'svg': 'https://deckofcardsapi.com/static/img/2D.svg', 'png': 'https://deckofcardsapi.com/static/img/2D.png'}, 'value': '2', 'suit': 'DIAMONDS'}, {'code': '3D', 'image': 'https://deckofcardsapi.com/static/img/3D.png', 'images': {'svg': 'https://deckofcardsapi.com/static/img/3D.svg', 'png': 'https://deckofcardsapi.com/static/img/3D.png'}, 'value': '3', 'suit': 'DIAMONDS'}, {'code': '4D', 'image': 'https://deckofcardsapi.com/static/img/4D.png', 'images': {'svg': 'https://deckofcardsapi.com/static/img/4D.svg', 'png': 'https://deckofcardsapi.com/static/img/4D.png'}, 'value': '4', 'suit': 'DIAMONDS'}, {'code': '5D', 'image': 'https://deckofcardsapi.com/static/img/5D.png', 'images': {'svg': 'https://deckofcardsapi.com/static/img/5D.svg', 'png': 'https://deckofcardsapi.com/static/img/5D.png'}, 'value': '5', 'suit': 'DIAMONDS'}, {'code': '6D', 'image': 'https://deckofcardsapi.com/static/img/6D.png', 'images': {'svg': 'https://deckofcardsapi.com/static/img/6D.svg', 'png': 'https://deckofcardsapi.com/static/img/6D.png'}, 'value': '6', 'suit': 'DIAMONDS'}, {'code': '7D', 'image': 'https://deckofcardsapi.com/static/img/7D.png', 'images': {'svg': 'https://deckofcardsapi.com/static/img/7D.svg', 'png': 'https://deckofcardsapi.com/static/img/7D.png'}, 'value': '7', 'suit': 'DIAMONDS'}, {'code': '8D', 'image': 'https://deckofcardsapi.com/static/img/8D.png', 'images': {'svg': 'https://deckofcardsapi.com/static/img/8D.svg', 'png': 'https://deckofcardsapi.com/static/img/8D.png'}, 'value': '8', 'suit': 'DIAMONDS'}, {'code': '9D', 'image': 'https://deckofcardsapi.com/static/img/9D.png', 'images': {'svg': 'https://deckofcardsapi.com/static/img/9D.svg', 'png': 'https://deckofcardsapi.com/static/img/9D.png'}, 'value': '9', 'suit': 'DIAMONDS'}, {'code': '0D', 'image': 'https://deckofcardsapi.com/static/img/0D.png', 'images': {'svg': 'https://deckofcardsapi.com/static/img/0D.svg', 'png': 'https://deckofcardsapi.com/static/img/0D.png'}, 'value': '10', 'suit': 'DIAMONDS'}, {'code': 'JD', 'image': 'https://deckofcardsapi.com/static/img/JD.png', 'images': {'svg': 'https://deckofcardsapi.com/static/img/JD.svg', 'png': 'https://deckofcardsapi.com/static/img/JD.png'}, 'value': 'JACK', 'suit': 'DIAMONDS'}, {'code': 'QD', 'image': 'https://deckofcardsapi.com/static/img/QD.png', 'images': {'svg': 'https://deckofcardsapi.com/static/img/QD.svg', 'png': 'https://deckofcardsapi.com/static/img/QD.png'}, 'value': 'QUEEN', 'suit': 'DIAMONDS'}, {'code': 'KD', 'image': 'https://deckofcardsapi.com/static/img/KD.png', 'images': {'svg': 'https://deckofcardsapi.com/static/img/KD.svg', 'png': 'https://deckofcardsapi.com/static/img/KD.png'}, 'value': 'KING', 'suit': 'DIAMONDS'}, {'code': 'AC', 'image': 'https://deckofcardsapi.com/static/img/AC.png', 'images': {'svg': 'https://deckofcardsapi.com/static/img/AC.svg', 'png': 'https://deckofcardsapi.com/static/img/AC.png'}, 'value': 'ACE', 'suit': 'CLUBS'}, {'code': '2C', 'image': 'https://deckofcardsapi.com/static/img/2C.png', 'images': {'svg': 'https://deckofcardsapi.com/static/img/2C.svg', 'png': 'https://deckofcardsapi.com/static/img/2C.png'}, 'value': '2', 'suit': 'CLUBS'}, {'code': '3C', 'image': 'https://deckofcardsapi.com/static/img/3C.png', 'images': {'svg': 'https://deckofcardsapi.com/static/img/3C.svg', 'png': 'https://deckofcardsapi.com/static/img/3C.png'}, 'value': '3', 'suit': 'CLUBS'}, {'code': '4C', 'image': 'https://deckofcardsapi.com/static/img/4C.png', 'images': {'svg': 'https://deckofcardsapi.com/static/img/4C.svg', 'png': 'https://deckofcardsapi.com/static/img/4C.png'}, 'value': '4', 'suit': 'CLUBS'}, {'code': '5C', 'image': 'https://deckofcardsapi.com/static/img/5C.png', 'images': {'svg': 'https://deckofcardsapi.com/static/img/5C.svg', 'png': 'https://deckofcardsapi.com/static/img/5C.png'}, 'value': '5', 'suit': 'CLUBS'}, {'code': '6C', 'image': 'https://deckofcardsapi.com/static/img/6C.png', 'images': {'svg': 'https://deckofcardsapi.com/static/img/6C.svg', 'png': 'https://deckofcardsapi.com/static/img/6C.png'}, 'value': '6', 'suit': 'CLUBS'}, {'code': '7C', 'image': 'https://deckofcardsapi.com/static/img/7C.png', 'images': {'svg': 'https://deckofcardsapi.com/static/img/7C.svg', 'png': 'https://deckofcardsapi.com/static/img/7C.png'}, 'value': '7', 'suit': 'CLUBS'}, {'code': '8C', 'image': 'https://deckofcardsapi.com/static/img/8C.png', 'images': {'svg': 'https://deckofcardsapi.com/static/img/8C.svg', 'png': 'https://deckofcardsapi.com/static/img/8C.png'}, 'value': '8', 'suit': 'CLUBS'}, {'code': '9C', 'image': 'https://deckofcardsapi.com/static/img/9C.png', 'images': {'svg': 'https://deckofcardsapi.com/static/img/9C.svg', 'png': 'https://deckofcardsapi.com/static/img/9C.png'}, 'value': '9', 'suit': 'CLUBS'}, {'code': '0C', 'image': 'https://deckofcardsapi.com/static/img/0C.png', 'images': {'svg': 'https://deckofcardsapi.com/static/img/0C.svg', 'png': 'https://deckofcardsapi.com/static/img/0C.png'}, 'value': '10', 'suit': 'CLUBS'}, {'code': 'JC', 'image': 'https://deckofcardsapi.com/static/img/JC.png', 'images': {'svg': 'https://deckofcardsapi.com/static/img/JC.svg', 'png': 'https://deckofcardsapi.com/static/img/JC.png'}, 'value': 'JACK', 'suit': 'CLUBS'}, {'code': 'QC', 'image': 'https://deckofcardsapi.com/static/img/QC.png', 'images': {'svg': 'https://deckofcardsapi.com/static/img/QC.svg', 'png': 'https://deckofcardsapi.com/static/img/QC.png'}, 'value': 'QUEEN', 'suit': 'CLUBS'}, {'code': 'KC', 'image': 'https://deckofcardsapi.com/static/img/KC.png', 'images': {'svg': 'https://deckofcardsapi.com/static/img/KC.svg', 'png': 'https://deckofcardsapi.com/static/img/KC.png'}, 'value': 'KING', 'suit': 'CLUBS'}, {'code': 'AH', 'image': 'https://deckofcardsapi.com/static/img/AH.png', 'images': {'svg': 'https://deckofcardsapi.com/static/img/AH.svg', 'png': 'https://deckofcardsapi.com/static/img/AH.png'}, 'value': 'ACE', 'suit': 'HEARTS'}, {'code': '2H', 'image': 'https://deckofcardsapi.com/static/img/2H.png', 'images': {'svg': 'https://deckofcardsapi.com/static/img/2H.svg', 'png': 'https://deckofcardsapi.com/static/img/2H.png'}, 'value': '2', 'suit': 'HEARTS'}, {'code': '3H', 'image': 'https://deckofcardsapi.com/static/img/3H.png', 'images': {'svg': 'https://deckofcardsapi.com/static/img/3H.svg', 'png': 'https://deckofcardsapi.com/static/img/3H.png'}, 'value': '3', 'suit': 'HEARTS'}, {'code': '4H', 'image': 'https://deckofcardsapi.com/static/img/4H.png', 'images': {'svg': 'https://deckofcardsapi.com/static/img/4H.svg', 'png': 'https://deckofcardsapi.com/static/img/4H.png'}, 'value': '4', 'suit': 'HEARTS'}, {'code': '5H', 'image': 'https://deckofcardsapi.com/static/img/5H.png', 'images': {'svg': 'https://deckofcardsapi.com/static/img/5H.svg', 'png': 'https://deckofcardsapi.com/static/img/5H.png'}, 'value': '5', 'suit': 'HEARTS'}, {'code': '6H', 'image': 'https://deckofcardsapi.com/static/img/6H.png', 'images': {'svg': 'https://deckofcardsapi.com/static/img/6H.svg', 'png': 'https://deckofcardsapi.com/static/img/6H.png'}, 'value': '6', 'suit': 'HEARTS'}, {'code': '7H', 'image': 'https://deckofcardsapi.com/static/img/7H.png', 'images': {'svg': 'https://deckofcardsapi.com/static/img/7H.svg', 'png': 'https://deckofcardsapi.com/static/img/7H.png'}, 'value': '7', 'suit': 'HEARTS'}, {'code': '8H', 'image': 'https://deckofcardsapi.com/static/img/8H.png', 'images': {'svg': 'https://deckofcardsapi.com/static/img/8H.svg', 'png': 'https://deckofcardsapi.com/static/img/8H.png'}, 'value': '8', 'suit': 'HEARTS'}, {'code': '9H', 'image': 'https://deckofcardsapi.com/static/img/9H.png', 'images': {'svg': 'https://deckofcardsapi.com/static/img/9H.svg', 'png': 'https://deckofcardsapi.com/static/img/9H.png'}, 'value': '9', 'suit': 'HEARTS'}, {'code': '0H', 'image': 'https://deckofcardsapi.com/static/img/0H.png', 'images': {'svg': 'https://deckofcardsapi.com/static/img/0H.svg', 'png': 'https://deckofcardsapi.com/static/img/0H.png'}, 'value': '10', 'suit': 'HEARTS'}, {'code': 'JH', 'image': 'https://deckofcardsapi.com/static/img/JH.png', 'images': {'svg': 'https://deckofcardsapi.com/static/img/JH.svg', 'png': 'https://deckofcardsapi.com/static/img/JH.png'}, 'value': 'JACK', 'suit': 'HEARTS'}, {'code': 'QH', 'image': 'https://deckofcardsapi.com/static/img/QH.png', 'images': {'svg': 'https://deckofcardsapi.com/static/img/QH.svg', 'png': 'https://deckofcardsapi.com/static/img/QH.png'}, 'value': 'QUEEN', 'suit': 'HEARTS'}, {'code': 'KH', 'image': 'https://deckofcardsapi.com/static/img/KH.png', 'images': {'svg': 'https://deckofcardsapi.com/static/img/KH.svg', 'png': 'https://deckofcardsapi.com/static/img/KH.png'}, 'value': 'KING', 'suit': 'HEARTS'}], 'remaining': 0, 'error': 'Not enough cards remaining to draw 60 additional'}

tests\deck_provider.py:20: RuntimeError
_______________________ test_add_invalid_cards_to_pile ________________________

    def test_add_invalid_cards_to_pile():
        """
        Test adding invalid card codes to a pile.
        Expected behavior: The API should fail with success=False and provide an error message.
        """
    
        # The API allows adding invalid card codes to a pile, but the API should fail with success=False and provide an error message
        deck_id = DeckProvider.create_deck(shuffle=True)
        invalid_cards = "ZZ,AA"
        pile_name = "invalid_pile"
        add_response = DeckProvider.add_to_pile(deck_id, pile_name, invalid_cards)
    
>       assert add_response["success"] is False, "Expected adding invalid cards to fail."
E       AssertionError: Expected adding invalid cards to fail.
E       assert True is False

tests\test_deck_of_cards_negative_scenarios.py:30: AssertionError
__________________________ test_draw_negative_cards ___________________________

    def test_draw_negative_cards():
        """
        Test drawing a negative number of cards.
        Expected behavior: The API should fail with success=False and provide an error message.
        """
        # The API correctly returns all 52 available cards but sets "success": false in the response, which causes a failure
        # The API should not accept a negative number of cards to draw
        deck_id = DeckProvider.create_deck(shuffle=True)
        draw_response = DeckProvider.draw_cards(deck_id, count=-5)
    
>       assert draw_response["success"] is False, "Expected drawing a negative number of cards to fail."
E       AssertionError: Expected drawing a negative number of cards to fail.
E       assert True is False

tests\test_deck_of_cards_negative_scenarios.py:57: AssertionError
=========================== short test summary info ===========================
FAILED tests/test_deck_of_cards_negative_scenarios.py::test_draw_more_than_available
FAILED tests/test_deck_of_cards_negative_scenarios.py::test_add_invalid_cards_to_pile
FAILED tests/test_deck_of_cards_negative_scenarios.py::test_draw_negative_cards
======================== 3 failed, 28 passed in 20.78s ========================
